// Jest Snapshot v1, https://goo.gl/fbAQLP

exports[`ProductList AddProductPage Renders correctly 1`] = `
<Fragment>
  <h1>
    Add Product
  </h1>
  <WithFormik(AddForm)
    handleChange={[Function]}
    onSave={[Function]}
    updateVisits={[Function]}
    updating={true}
    viewMode={false}
  />
</Fragment>
`;
